MSBuild version 17.14.23+b0019275e for .NET Framework

  graphics_hook.vcxproj -> C:\Users\vfxno\Downloads\TrueMotionFidelityEngine-main\build\bin\Release\graphics_hook64_v2.dll
  TrueMotionFidelityEngine.vcxproj -> C:\Users\vfxno\Downloads\TrueMotionFidelityEngine-main\build\bin\Release\True Motion Fidelity Engine.exe
  Copying shader source files	Compiling CopyScale.hlsl	Compiling DebugView.hlsl	Compiling DownsampleLuma.hlsl	Compiling DownsampleLumaR.hlsl	Compiling Interpolate.hlsl	Compiling MotionEst.hlsl	Compiling MotionRefine.hlsl	Compiling MotionSmooth.hlsl
  compilation object save succeeded; see C:\Users\vfxno\Downloads\TrueMotionFidelityEngine-main\build\bin\Release\shaders\CopyScale.cso
  compilation object save succeeded; see C:\Users\vfxno\Downloads\TrueMotionFidelityEngine-main\build\bin\Release\shaders\DebugView.cso
  compilation object save succeeded; see C:\Users\vfxno\Downloads\TrueMotionFidelityEngine-main\build\bin\Release\shaders\DownsampleLuma.cso
  compilation object save succeeded; see C:\Users\vfxno\Downloads\TrueMotionFidelityEngine-main\build\bin\Release\shaders\DownsampleLumaR.cso
  compilation object save succeeded; see C:\Users\vfxno\Downloads\TrueMotionFidelityEngine-main\build\bin\Release\shaders\Interpolate.cso
C:\Users\vfxno\Downloads\TrueMotionFidelityEngine-main\src\shaders\MotionEst.hlsl(237,23-33): warning X3556: integer divides may be much slower, try using uints if possible. [C:\Users\vfxno\Downloads\TrueMotionFidelityEngine-main\build\TrueMotionFidelityEngine.vcxproj]
C:\Users\vfxno\Downloads\TrueMotionFidelityEngine-main\src\shaders\MotionEst.hlsl(250,22-29): warning X3556: integer divides may be much slower, try using uints if possible. [C:\Users\vfxno\Downloads\TrueMotionFidelityEngine-main\build\TrueMotionFidelityEngine.vcxproj]
C:\Users\vfxno\Downloads\TrueMotionFidelityEngine-main\src\shaders\MotionEst.hlsl(263,9-23): warning X3556: integer divides may be much slower, try using uints if possible. [C:\Users\vfxno\Downloads\TrueMotionFidelityEngine-main\build\TrueMotionFidelityEngine.vcxproj]
  
  compilation object save succeeded; see C:\Users\vfxno\Downloads\TrueMotionFidelityEngine-main\build\bin\Release\shaders\MotionEst.cso
  compilation object save succeeded; see C:\Users\vfxno\Downloads\TrueMotionFidelityEngine-main\build\bin\Release\shaders\MotionRefine.cso
  compilation object save succeeded; see C:\Users\vfxno\Downloads\TrueMotionFidelityEngine-main\build\bin\Release\shaders\MotionSmooth.cso
